{'extraCredit': 0,
 'fatalError': False,
 'maxExtraCredit': 0,
 'maxTotalPoints': 6,
 'messages': [],
 'mode': 'auto',
 'parts': [{'description': 'Tests minimax for timeout on smallClassic.',
            'extraCredit': False,
            'maxPoints': 1,
            'maxSeconds': 10,
            'messages': [],
            'name': '1a-1-basic',
            'points': 1,
            'seconds': 0},
           {'description': 'Tests minimax',
            'extraCredit': False,
            'maxPoints': 1,
            'maxSeconds': 10,
            'messages': [],
            'name': '1a-2-hidden',
            'points': 0,
            'seconds': 0},
           {'description': 'Tests expectimax for timeout on smallClassic.',
            'extraCredit': False,
            'maxPoints': 1,
            'maxSeconds': 10,
            'messages': [],
            'name': '2a-1-basic',
            'points': 1,
            'seconds': 0},
           {'description': 'Tests expectimax',
            'extraCredit': False,
            'maxPoints': 1,
            'maxSeconds': 10,
            'messages': [],
            'name': '2a-2-hidden',
            'points': 0,
            'seconds': 0},
           {'description': 'Tests biased-expectimax for timeout on '
                           'smallClassic.',
            'extraCredit': False,
            'maxPoints': 1,
            'maxSeconds': 10,
            'messages': [],
            'name': '3a-1-basic',
            'points': 1,
            'seconds': 0},
           {'description': 'Tests biased-expectimax',
            'extraCredit': False,
            'maxPoints': 5,
            'maxSeconds': 10,
            'messages': [],
            'name': '3a-2-hidden',
            'points': 0,
            'seconds': 0},
           {'description': 'Tests softmax-expectimax for timeout on '
                           'smallClassic.',
            'extraCredit': False,
            'maxPoints': 1,
            'maxSeconds': 10,
            'messages': [],
            'name': '4a-1-basic',
            'points': 1,
            'seconds': 0},
           {'description': 'Tests softmax-expectimax',
            'extraCredit': False,
            'maxPoints': 5,
            'maxSeconds': 10,
            'messages': [],
            'name': '4a-2-hidden',
            'points': 0,
            'seconds': 0},
           {'description': 'Tests expectiminimax for timeout on smallClassic.',
            'extraCredit': False,
            'maxPoints': 1,
            'maxSeconds': 10,
            'messages': [],
            'name': '5a-1-basic',
            'points': 1,
            'seconds': 0},
           {'description': 'Tests expectiminimax',
            'extraCredit': False,
            'maxPoints': 3,
            'maxSeconds': 10,
            'messages': [],
            'name': '5a-2-hidden',
            'points': 0,
            'seconds': 0},
           {'description': 'Tests alphabeta for timeout on smallClassic.',
            'extraCredit': False,
            'maxPoints': 1,
            'maxSeconds': 5,
            'messages': [],
            'name': '6a-1-basic',
            'points': 1,
            'seconds': 0},
           {'description': 'Tests alphabeta',
            'extraCredit': False,
            'maxPoints': 7,
            'maxSeconds': 10,
            'messages': [],
            'name': '6a-2-hidden',
            'points': 0,
            'seconds': 0},
           {'description': 'No grading',
            'extraCredit': False,
            'maxPoints': 0,
            'maxSeconds': 300,
            'messages': [],
            'name': '7a-no-grading',
            'points': 0,
            'seconds': 7,
            'side': {'score': 1555.25}},
           {'description': 'Check if score at least 1000 on smallClassic.',
            'extraCredit': False,
            'maxPoints': 1,
            'maxSeconds': 5,
            'messages': [],
            'name': '7a-1-hidden',
            'points': 1,
            'seconds': 0},
           {'description': 'Check if score at least 1200 on smallClassic.',
            'extraCredit': False,
            'maxPoints': 2,
            'maxSeconds': 5,
            'messages': [],
            'name': '7a-2-hidden',
            'points': 2,
            'seconds': 0},
           {'description': 'Check if score at least 1400 on smallClassic.',
            'extraCredit': False,
            'maxPoints': 2,
            'maxSeconds': 5,
            'messages': [],
            'name': '7a-3-hidden',
            'points': 2,
            'seconds': 0},
           {'description': 'Check if score at least 1500 on smallClassic.',
            'extraCredit': False,
            'maxPoints': 3,
            'maxSeconds': 5,
            'messages': [],
            'name': '7a-4-hidden',
            'points': 3,
            'seconds': 0}],
 'totalPoints': 6}
